AR sequentiel_diviseur arch_sequentiel_diviseur C:/Users/Amine/Desktop/WorkSpace/Xilinx/TP_VHDL_Diviseur/Sequentiel_Diviseur.vhd sub00/vhpl15 1387303798
EN ual NULL C:/Users/Amine/Desktop/WorkSpace/Xilinx/TP_VHDL_Diviseur/UAL.vhd sub00/vhpl04 1387401497
AR diviseur arch_diviseur C:/Users/Amine/Desktop/WorkSpace/Xilinx/TP_VHDL_Diviseur/Diviseur.vhd sub00/vhpl19 1387401504
AR sequenceur_diviseur arch_diviseur C:/Users/Amine/Desktop/WorkSpace/Xilinx/TP_VHDL_Diviseur/Sequenceur_Diviseur.vhd sub00/vhpl17 1387401496
AR bistabled arch_bistabled C:/Users/Amine/Desktop/WorkSpace/Xilinx/TP_VHDL_Diviseur/BistableD.vhd sub00/vhpl03 1387401488
EN cpt_3bits NULL C:/Users/Amine/Desktop/WorkSpace/Xilinx/TP_VHDL_Diviseur/Cpt_3bits.vhd sub00/vhpl06 1387401499
AR ual arch_ual C:/Users/Amine/Desktop/WorkSpace/Xilinx/TP_VHDL_Diviseur/UAL.vhd sub00/vhpl05 1387401498
AR reg_8bits_complet arch_reg_8bits_complet C:/Users/Amine/Desktop/WorkSpace/Xilinx/TP_VHDL_Diviseur/Reg_8bits_Complet.vhd sub00/vhpl13 1387401502
EN comb_reg_8bits NULL C:/Users/Amine/Desktop/WorkSpace/Xilinx/TP_VHDL_Diviseur/Comb_Reg_8bits.vhd sub00/vhpl08 1387401489
AR cpt_3bits arch_cpt_3bits C:/Users/Amine/Desktop/WorkSpace/Xilinx/TP_VHDL_Diviseur/Cpt_3bits.vhd sub00/vhpl07 1387401500
AR reg_8bits arch_reg_8bits C:/Users/Amine/Desktop/WorkSpace/Xilinx/TP_VHDL_Diviseur/Reg_8bits.vhd sub00/vhpl11 1387401492
AR bistablet arch_bistablet C:/Users/Amine/Desktop/WorkSpace/Xilinx/TP_VHDL_Diviseur/BistableT.vhd sub00/vhpl01 1387401494
EN sequenceur_diviseur NULL C:/Users/Amine/Desktop/WorkSpace/Xilinx/TP_VHDL_Diviseur/Sequenceur_Diviseur.vhd sub00/vhpl16 1387401495
EN diviseur NULL C:/Users/Amine/Desktop/WorkSpace/Xilinx/TP_VHDL_Diviseur/Diviseur.vhd sub00/vhpl18 1387401503
EN sequentiel_diviseur NULL C:/Users/Amine/Desktop/WorkSpace/Xilinx/TP_VHDL_Diviseur/Sequentiel_Diviseur.vhd sub00/vhpl14 1387303797
EN bistabled NULL C:/Users/Amine/Desktop/WorkSpace/Xilinx/TP_VHDL_Diviseur/BistableD.vhd sub00/vhpl02 1387401487
AR comb_reg_8bits arch_comb_reg_8bits C:/Users/Amine/Desktop/WorkSpace/Xilinx/TP_VHDL_Diviseur/Comb_Reg_8bits.vhd sub00/vhpl09 1387401490
EN reg_8bits NULL C:/Users/Amine/Desktop/WorkSpace/Xilinx/TP_VHDL_Diviseur/Reg_8bits.vhd sub00/vhpl10 1387401491
EN reg_8bits_complet NULL C:/Users/Amine/Desktop/WorkSpace/Xilinx/TP_VHDL_Diviseur/Reg_8bits_Complet.vhd sub00/vhpl12 1387401501
EN bistablet NULL C:/Users/Amine/Desktop/WorkSpace/Xilinx/TP_VHDL_Diviseur/BistableT.vhd sub00/vhpl00 1387401493
