V3 38
FL C:/Users/Amine/Desktop/WorkSpace/Xilinx/TP_VHDL_Diviseur/BistableD.vhd 2013/12/11.16:12:29 P.28xd
EN work/BistableD 1387401487 \
      FL C:/Users/Amine/Desktop/WorkSpace/Xilinx/TP_VHDL_Diviseur/BistableD.vhd \
      PB ieee/std_logic_1164 1341906176
AR work/BistableD/Arch_BistableD 1387401488 \
      FL C:/Users/Amine/Desktop/WorkSpace/Xilinx/TP_VHDL_Diviseur/BistableD.vhd \
      EN work/BistableD 1387401487
FL C:/Users/Amine/Desktop/WorkSpace/Xilinx/TP_VHDL_Diviseur/BistableT.vhd 2013/12/11.15:51:00 P.28xd
EN work/BistableT 1387401493 \
      FL C:/Users/Amine/Desktop/WorkSpace/Xilinx/TP_VHDL_Diviseur/BistableT.vhd \
      PB ieee/std_logic_1164 1341906176
AR work/BistableT/Arch_BistableT 1387401494 \
      FL C:/Users/Amine/Desktop/WorkSpace/Xilinx/TP_VHDL_Diviseur/BistableT.vhd \
      EN work/BistableT 1387401493
FL C:/Users/Amine/Desktop/WorkSpace/Xilinx/TP_VHDL_Diviseur/Comb_Reg_8bits.vhd 2013/12/16.17:27:40 P.28xd
EN work/Comb_Reg_8bits 1387401489 \
      FL C:/Users/Amine/Desktop/WorkSpace/Xilinx/TP_VHDL_Diviseur/Comb_Reg_8bits.vhd \
      PB ieee/std_logic_1164 1341906176
AR work/Comb_Reg_8bits/Arch_Comb_Reg_8bits 1387401490 \
      FL C:/Users/Amine/Desktop/WorkSpace/Xilinx/TP_VHDL_Diviseur/Comb_Reg_8bits.vhd \
      EN work/Comb_Reg_8bits 1387401489
FL C:/Users/Amine/Desktop/WorkSpace/Xilinx/TP_VHDL_Diviseur/Cpt_3bits.vhd 2013/12/11.16:32:11 P.28xd
EN work/Cpt_3bits 1387401499 \
      FL C:/Users/Amine/Desktop/WorkSpace/Xilinx/TP_VHDL_Diviseur/Cpt_3bits.vhd \
      PB ieee/std_logic_1164 1341906176
AR work/Cpt_3bits/Arch_Cpt_3bits 1387401500 \
      FL C:/Users/Amine/Desktop/WorkSpace/Xilinx/TP_VHDL_Diviseur/Cpt_3bits.vhd \
      EN work/Cpt_3bits 1387401499 CP bistableT
FL C:/Users/Amine/Desktop/WorkSpace/Xilinx/TP_VHDL_Diviseur/Diviseur.vhd 2013/12/18.22:17:52 P.28xd
EN work/Diviseur 1387401503 \
      FL C:/Users/Amine/Desktop/WorkSpace/Xilinx/TP_VHDL_Diviseur/Diviseur.vhd \
      PB ieee/std_logic_1164 1341906176
AR work/Diviseur/Arch_Diviseur 1387401504 \
      FL C:/Users/Amine/Desktop/WorkSpace/Xilinx/TP_VHDL_Diviseur/Diviseur.vhd \
      EN work/Diviseur 1387401503 CP Sequenceur_Diviseur CP UAL CP Cpt_3bits \
      CP Reg_8bits_complet
FL C:/Users/Amine/Desktop/WorkSpace/Xilinx/TP_VHDL_Diviseur/Reg_8bits.vhd 2013/12/16.23:35:57 P.28xd
EN work/Reg_8bits 1387401491 \
      FL C:/Users/Amine/Desktop/WorkSpace/Xilinx/TP_VHDL_Diviseur/Reg_8bits.vhd \
      PB ieee/std_logic_1164 1341906176
AR work/Reg_8bits/Arch_reg_8bits 1387401492 \
      FL C:/Users/Amine/Desktop/WorkSpace/Xilinx/TP_VHDL_Diviseur/Reg_8bits.vhd \
      EN work/Reg_8bits 1387401491 CP BistableD
FL C:/Users/Amine/Desktop/WorkSpace/Xilinx/TP_VHDL_Diviseur/Reg_8bits_Complet.vhd 2013/12/16.23:34:39 P.28xd
EN work/Reg_8bits_complet 1387401501 \
      FL C:/Users/Amine/Desktop/WorkSpace/Xilinx/TP_VHDL_Diviseur/Reg_8bits_Complet.vhd \
      PB ieee/std_logic_1164 1341906176
AR work/Reg_8bits_complet/Arch_Reg_8bits_complet 1387401502 \
      FL C:/Users/Amine/Desktop/WorkSpace/Xilinx/TP_VHDL_Diviseur/Reg_8bits_Complet.vhd \
      EN work/Reg_8bits_complet 1387401501 CP Comb_Reg_8bits CP Reg_8bits
FL C:/Users/Amine/Desktop/WorkSpace/Xilinx/TP_VHDL_Diviseur/Sequenceur_Diviseur.vhd 2013/12/18.21:47:04 P.28xd
EN work/Sequenceur_Diviseur 1387401495 \
      FL C:/Users/Amine/Desktop/WorkSpace/Xilinx/TP_VHDL_Diviseur/Sequenceur_Diviseur.vhd \
      PB ieee/std_logic_1164 1341906176
AR work/Sequenceur_Diviseur/Arch_Diviseur 1387401496 \
      FL C:/Users/Amine/Desktop/WorkSpace/Xilinx/TP_VHDL_Diviseur/Sequenceur_Diviseur.vhd \
      EN work/Sequenceur_Diviseur 1387401495 CP bistableT
FL C:/Users/Amine/Desktop/WorkSpace/Xilinx/TP_VHDL_Diviseur/Sequentiel_Diviseur.vhd 2013/12/17.17:48:44 P.28xd
EN work/Sequentiel_Diviseur 1387303797 \
      FL C:/Users/Amine/Desktop/WorkSpace/Xilinx/TP_VHDL_Diviseur/Sequentiel_Diviseur.vhd \
      PB ieee/std_logic_1164 1341906176
AR work/Sequentiel_Diviseur/Arch_Sequentiel_Diviseur 1387303798 \
      FL C:/Users/Amine/Desktop/WorkSpace/Xilinx/TP_VHDL_Diviseur/Sequentiel_Diviseur.vhd \
      EN work/Sequentiel_Diviseur 1387303797 CP Reg_8bits_complet CP Cpt_3bits \
      CP UAL
FL C:/Users/Amine/Desktop/WorkSpace/Xilinx/TP_VHDL_Diviseur/UAL.vhd 2013/12/11.16:22:28 P.28xd
EN work/UAL 1387401497 \
      FL C:/Users/Amine/Desktop/WorkSpace/Xilinx/TP_VHDL_Diviseur/UAL.vhd \
      PB ieee/std_logic_1164 1341906176 PB ieee/std_logic_arith 1341906177 \
      PB ieee/STD_LOGIC_UNSIGNED 1341906179 PB ieee/STD_LOGIC_SIGNED 1341906179
AR work/UAL/Arch_UAL 1387401498 \
      FL C:/Users/Amine/Desktop/WorkSpace/Xilinx/TP_VHDL_Diviseur/UAL.vhd \
      EN work/UAL 1387401497
